<?xml version="1.0" encoding="UTF-8"?>
<TestRun id="d30ba704-43cd-41b7-8c26-47775309bcd4" name="Administrator@BTS2010LAB01 2014-08-25 17:07:32" runUser="BTS2010LAB01\Administrator" xmlns="http://microsoft.com/schemas/VisualStudio/TeamTest/2010">
  <TestSettings name="Local" id="6bfb00a1-f0ec-4f57-81ab-89ee852f1e49">
    <Description>These are default test settings for a local test run.</Description>
    <Deployment enabled="false" runDeploymentRoot="Administrator_BTS2010LAB01 2014-08-25 17_07_32">
      <DeploymentItem filename="C:\Development\UnitTestingFeatureWithMaps\UnitTestingFeatureWithMaps\bin\Debug\UnitTestingFeatureWithMaps.dll" />
    </Deployment>
    <Execution>
      <TestTypeSpecific />
      <AgentRule name="Execution Agents">
      </AgentRule>
    </Execution>
  </TestSettings>
  <Times creation="2014-08-25T17:07:32.2183671+01:00" queuing="2014-08-25T17:07:33.6402421+01:00" start="2014-08-25T17:07:33.9058671+01:00" finish="2014-08-25T17:07:36.9683671+01:00" />
  <ResultSummary outcome="Completed">
    <Counters total="3" executed="3" passed="3" error="0" failed="0" timeout="0" aborted="0" inconclusive="0" passedButRunAborted="0" notRunnable="0" notExecuted="0" disconnected="0" warning="0" completed="0" inProgress="0" pending="0" />
  </ResultSummary>
  <TestDefinitions>
    <UnitTest name="PersonOriginConstructorTest2" storage="c:\development\unittestingfeaturewithmaps\testprojectbiztalk\bin\debug\testprojectbiztalk.dll" id="ffb54f0a-2af7-303c-5062-d044a0d049f9">
      <Execution id="f7fa7244-3356-415b-b8df-e57fd017e4f6" />
      <TestMethod codeBase="C:/Development/UnitTestingFeatureWithMaps/TestProjectBizTalk/bin/Debug/TestProjectBizTalk.DLL" adapterTypeName="Microsoft.VisualStudio.TestTools.TestTypes.Unit.UnitTestAdapter, Microsoft.VisualStudio.QualityTools.Tips.UnitTest.Adapter, Version=10.0.0.0, Culture=neutral, PublicKeyToken=b03f5f7f11d50a3a" className="TestProjectBizTalk.PersonOriginTest, TestProjectBizTalk, Version=1.0.0.0, Culture=neutral, PublicKeyToken=null" name="PersonOriginConstructorTest2" />
    </UnitTest>
    <UnitTest name="PersonOriginConstructorTest3" storage="c:\development\unittestingfeaturewithmaps\testprojectbiztalk\bin\debug\testprojectbiztalk.dll" id="65814423-996a-7651-31df-834c27bcc84f">
      <Execution id="4181cd54-27d9-4fdf-b961-988d3173418e" />
      <TestMethod codeBase="C:/Development/UnitTestingFeatureWithMaps/TestProjectBizTalk/bin/Debug/TestProjectBizTalk.DLL" adapterTypeName="Microsoft.VisualStudio.TestTools.TestTypes.Unit.UnitTestAdapter, Microsoft.VisualStudio.QualityTools.Tips.UnitTest.Adapter, Version=10.0.0.0, Culture=neutral, PublicKeyToken=b03f5f7f11d50a3a" className="TestProjectBizTalk.PersonOriginTest, TestProjectBizTalk, Version=1.0.0.0, Culture=neutral, PublicKeyToken=null" name="PersonOriginConstructorTest3" />
    </UnitTest>
    <UnitTest name="PersonOriginConstructorTest" storage="c:\development\unittestingfeaturewithmaps\testprojectbiztalk\bin\debug\testprojectbiztalk.dll" id="598dd1fa-7a15-7ad3-60e8-d107b24c75e8">
      <Execution id="aea41c33-64d0-4dab-a58e-58b9ef13ca8a" />
      <TestMethod codeBase="C:/Development/UnitTestingFeatureWithMaps/TestProjectBizTalk/bin/Debug/TestProjectBizTalk.DLL" adapterTypeName="Microsoft.VisualStudio.TestTools.TestTypes.Unit.UnitTestAdapter, Microsoft.VisualStudio.QualityTools.Tips.UnitTest.Adapter, Version=10.0.0.0, Culture=neutral, PublicKeyToken=b03f5f7f11d50a3a" className="TestProjectBizTalk.PersonOriginTest, TestProjectBizTalk, Version=1.0.0.0, Culture=neutral, PublicKeyToken=null" name="PersonOriginConstructorTest" />
    </UnitTest>
  </TestDefinitions>
  <TestLists>
    <TestList name="Results Not in a List" id="8c84fa94-04c1-424b-9868-57a2d4851a1d" />
    <TestList name="All Loaded Results" id="19431567-8539-422a-85d7-44ee4e166bda" />
  </TestLists>
  <TestEntries>
    <TestEntry testId="598dd1fa-7a15-7ad3-60e8-d107b24c75e8" executionId="aea41c33-64d0-4dab-a58e-58b9ef13ca8a" testListId="8c84fa94-04c1-424b-9868-57a2d4851a1d" />
    <TestEntry testId="ffb54f0a-2af7-303c-5062-d044a0d049f9" executionId="f7fa7244-3356-415b-b8df-e57fd017e4f6" testListId="8c84fa94-04c1-424b-9868-57a2d4851a1d" />
    <TestEntry testId="65814423-996a-7651-31df-834c27bcc84f" executionId="4181cd54-27d9-4fdf-b961-988d3173418e" testListId="8c84fa94-04c1-424b-9868-57a2d4851a1d" />
  </TestEntries>
  <Results>
    <UnitTestResult executionId="aea41c33-64d0-4dab-a58e-58b9ef13ca8a" testId="598dd1fa-7a15-7ad3-60e8-d107b24c75e8" testName="PersonOriginConstructorTest" computerName="BTS2010LAB01" duration="00:00:01.7112527" startTime="2014-08-25T17:07:33.9996171+01:00" endTime="2014-08-25T17:07:36.5464921+01:00" testType="13cdc9d9-ddb5-4fa4-a97d-d965ccfc6d4b" outcome="Passed" testListId="8c84fa94-04c1-424b-9868-57a2d4851a1d" relativeResultsDirectory="aea41c33-64d0-4dab-a58e-58b9ef13ca8a">
    </UnitTestResult>
    <UnitTestResult executionId="f7fa7244-3356-415b-b8df-e57fd017e4f6" testId="ffb54f0a-2af7-303c-5062-d044a0d049f9" testName="PersonOriginConstructorTest2" computerName="BTS2010LAB01" duration="00:00:00.0009310" startTime="2014-08-25T17:07:36.5621171+01:00" endTime="2014-08-25T17:07:36.5621171+01:00" testType="13cdc9d9-ddb5-4fa4-a97d-d965ccfc6d4b" outcome="Passed" testListId="8c84fa94-04c1-424b-9868-57a2d4851a1d" relativeResultsDirectory="f7fa7244-3356-415b-b8df-e57fd017e4f6">
    </UnitTestResult>
    <UnitTestResult executionId="4181cd54-27d9-4fdf-b961-988d3173418e" testId="65814423-996a-7651-31df-834c27bcc84f" testName="PersonOriginConstructorTest3" computerName="BTS2010LAB01" duration="00:00:00.0024407" startTime="2014-08-25T17:07:36.5777421+01:00" endTime="2014-08-25T17:07:36.5933671+01:00" testType="13cdc9d9-ddb5-4fa4-a97d-d965ccfc6d4b" outcome="Passed" testListId="8c84fa94-04c1-424b-9868-57a2d4851a1d" relativeResultsDirectory="4181cd54-27d9-4fdf-b961-988d3173418e">
    </UnitTestResult>
  </Results>
</TestRun>